
Memory Configuration

Name             Origin             Length             Attributes
flash            0x08000000         0x00020000         xr
sram             0x20000000         0x00005000         xrw
*default*        0x00000000         0xffffffff

Linker script and memory map


.text           0x08000000      0x10c
 *(.vectors*)
 *(.text*)
 .text          0x08000000       0x7c main.o
                0x08000000                main
 .text          0x0800007c       0x90 startup.o
                0x0800007c                MM_Fault_Handler
                0x0800007c                Usage_Fault_Handler
                0x0800007c                Bus_Fault
                0x0800007c                Default_Handler
                0x0800007c                H_fault_Handler
                0x0800007c                NMI_Handler
                0x08000088                Reset_Handler
 *(.rodata*)
                0x0800010c                _E_text = .

.glue_7         0x0800010c        0x0
 .glue_7        0x0800010c        0x0 linker stubs

.glue_7t        0x0800010c        0x0
 .glue_7t       0x0800010c        0x0 linker stubs

.vfp11_veneer   0x0800010c        0x0
 .vfp11_veneer  0x0800010c        0x0 linker stubs

.v4_bx          0x0800010c        0x0
 .v4_bx         0x0800010c        0x0 linker stubs

.iplt           0x0800010c        0x0
 .iplt          0x0800010c        0x0 main.o

.rel.dyn        0x0800010c        0x0
 .rel.iplt      0x0800010c        0x0 main.o

.data           0x20000000       0x20 load address 0x0800010c
                0x20000000                _S_DATA = .
 *(.data)
 .data          0x20000000        0x4 main.o
                0x20000000                R_ODR
 .data          0x20000004       0x1c startup.o
                0x20000004                vectors
                0x20000020                _E_DATA = .

.igot.plt       0x20000020        0x0 load address 0x0800012c
 .igot.plt      0x20000020        0x0 main.o

.bss            0x20000020     0x1000 load address 0x0800012c
                0x20000020                _S_bss = .
 *(.bss*)
 .bss           0x20000020        0x0 main.o
 .bss           0x20000020        0x0 startup.o
                0x20000020                . = ALIGN (0x4)
                0x20000020                _E_bss = .
                0x20000020                . = ALIGN (0x4)
                0x20001020                . = (. + 0x1000)
 *fill*         0x20000020     0x1000 
                0x20001020                _stack_top = .
LOAD main.o
LOAD startup.o
OUTPUT(learn_in_depth_cortex_m3.elf elf32-littlearm)

.debug_info     0x00000000      0x2de
 .debug_info    0x00000000      0x14f main.o
 .debug_info    0x0000014f      0x18f startup.o

.debug_abbrev   0x00000000      0x1b2
 .debug_abbrev  0x00000000       0xde main.o
 .debug_abbrev  0x000000de       0xd4 startup.o

.debug_loc      0x00000000       0xb4
 .debug_loc     0x00000000       0x38 main.o
 .debug_loc     0x00000038       0x7c startup.o

.debug_aranges  0x00000000       0x40
 .debug_aranges
                0x00000000       0x20 main.o
 .debug_aranges
                0x00000020       0x20 startup.o

.debug_line     0x00000000      0x207
 .debug_line    0x00000000       0xf9 main.o
 .debug_line    0x000000f9      0x10e startup.o

.debug_str      0x00000000      0x1f4
 .debug_str     0x00000000      0x174 main.o
                                0x1b1 (size before relaxing)
 .debug_str     0x00000174       0x80 startup.o
                                0x1f4 (size before relaxing)

.comment        0x00000000       0x7e
 .comment       0x00000000       0x7e main.o
                                 0x7f (size before relaxing)
 .comment       0x0000007e       0x7f startup.o

.ARM.attributes
                0x00000000       0x33
 .ARM.attributes
                0x00000000       0x33 main.o
 .ARM.attributes
                0x00000033       0x33 startup.o

.debug_frame    0x00000000       0x7c
 .debug_frame   0x00000000       0x2c main.o
 .debug_frame   0x0000002c       0x50 startup.o
